Archive member included to satisfy reference by file (symbol)

c:/program files (x86)/atmel/studio/7.0/toolchain/arm/arm-gnu-toolchain/bin/../lib/gcc/arm-none-eabi/6.3.1/../../../../arm-none-eabi/lib/thumb/v7-m\libc.a(lib_a-exit.o)
                              c:/program files (x86)/atmel/studio/7.0/toolchain/arm/arm-gnu-toolchain/bin/../lib/gcc/arm-none-eabi/6.3.1/../../../../arm-none-eabi/lib/thumb/v7-m/crt0.o (exit)
c:/program files (x86)/atmel/studio/7.0/toolchain/arm/arm-gnu-toolchain/bin/../lib/gcc/arm-none-eabi/6.3.1/../../../../arm-none-eabi/lib/thumb/v7-m\libc.a(lib_a-impure.o)
                              c:/program files (x86)/atmel/studio/7.0/toolchain/arm/arm-gnu-toolchain/bin/../lib/gcc/arm-none-eabi/6.3.1/../../../../arm-none-eabi/lib/thumb/v7-m\libc.a(lib_a-exit.o) (_global_impure_ptr)
c:/program files (x86)/atmel/studio/7.0/toolchain/arm/arm-gnu-toolchain/bin/../lib/gcc/arm-none-eabi/6.3.1/../../../../arm-none-eabi/lib/thumb/v7-m\libc.a(lib_a-init.o)
                              c:/program files (x86)/atmel/studio/7.0/toolchain/arm/arm-gnu-toolchain/bin/../lib/gcc/arm-none-eabi/6.3.1/../../../../arm-none-eabi/lib/thumb/v7-m/crt0.o (__libc_init_array)
c:/program files (x86)/atmel/studio/7.0/toolchain/arm/arm-gnu-toolchain/bin/../lib/gcc/arm-none-eabi/6.3.1/../../../../arm-none-eabi/lib/thumb/v7-m\libc.a(lib_a-memset.o)
                              c:/program files (x86)/atmel/studio/7.0/toolchain/arm/arm-gnu-toolchain/bin/../lib/gcc/arm-none-eabi/6.3.1/../../../../arm-none-eabi/lib/thumb/v7-m/crt0.o (memset)
c:/program files (x86)/atmel/studio/7.0/toolchain/arm/arm-gnu-toolchain/bin/../lib/gcc/arm-none-eabi/6.3.1/../../../../arm-none-eabi/lib/thumb/v7-m\libc.a(lib_a-__call_atexit.o)
                              c:/program files (x86)/atmel/studio/7.0/toolchain/arm/arm-gnu-toolchain/bin/../lib/gcc/arm-none-eabi/6.3.1/../../../../arm-none-eabi/lib/thumb/v7-m\libc.a(lib_a-exit.o) (__call_exitprocs)
c:/program files (x86)/atmel/studio/7.0/toolchain/arm/arm-gnu-toolchain/bin/../lib/gcc/arm-none-eabi/6.3.1/../../../../arm-none-eabi/lib/thumb/v7-m\libc.a(lib_a-atexit.o)
                              c:/program files (x86)/atmel/studio/7.0/toolchain/arm/arm-gnu-toolchain/bin/../lib/gcc/arm-none-eabi/6.3.1/../../../../arm-none-eabi/lib/thumb/v7-m\libc.a(lib_a-__call_atexit.o) (atexit)
c:/program files (x86)/atmel/studio/7.0/toolchain/arm/arm-gnu-toolchain/bin/../lib/gcc/arm-none-eabi/6.3.1/../../../../arm-none-eabi/lib/thumb/v7-m\libc.a(lib_a-fini.o)
                              c:/program files (x86)/atmel/studio/7.0/toolchain/arm/arm-gnu-toolchain/bin/../lib/gcc/arm-none-eabi/6.3.1/../../../../arm-none-eabi/lib/thumb/v7-m\libc.a(lib_a-__call_atexit.o) (__libc_fini_array)
c:/program files (x86)/atmel/studio/7.0/toolchain/arm/arm-gnu-toolchain/bin/../lib/gcc/arm-none-eabi/6.3.1/../../../../arm-none-eabi/lib/thumb/v7-m\libc.a(lib_a-lock.o)
                              c:/program files (x86)/atmel/studio/7.0/toolchain/arm/arm-gnu-toolchain/bin/../lib/gcc/arm-none-eabi/6.3.1/../../../../arm-none-eabi/lib/thumb/v7-m\libc.a(lib_a-__call_atexit.o) (__retarget_lock_acquire_recursive)
c:/program files (x86)/atmel/studio/7.0/toolchain/arm/arm-gnu-toolchain/bin/../lib/gcc/arm-none-eabi/6.3.1/../../../../arm-none-eabi/lib/thumb/v7-m\libc.a(lib_a-__atexit.o)
                              c:/program files (x86)/atmel/studio/7.0/toolchain/arm/arm-gnu-toolchain/bin/../lib/gcc/arm-none-eabi/6.3.1/../../../../arm-none-eabi/lib/thumb/v7-m\libc.a(lib_a-atexit.o) (__register_exitproc)

Allocating common symbols
Common symbol       size              file

__lock___atexit_recursive_mutex
                    0x1               c:/program files (x86)/atmel/studio/7.0/toolchain/arm/arm-gnu-toolchain/bin/../lib/gcc/arm-none-eabi/6.3.1/../../../../arm-none-eabi/lib/thumb/v7-m\libc.a(lib_a-lock.o)
__lock___arc4random_mutex
                    0x1               c:/program files (x86)/atmel/studio/7.0/toolchain/arm/arm-gnu-toolchain/bin/../lib/gcc/arm-none-eabi/6.3.1/../../../../arm-none-eabi/lib/thumb/v7-m\libc.a(lib_a-lock.o)
__lock___env_recursive_mutex
                    0x1               c:/program files (x86)/atmel/studio/7.0/toolchain/arm/arm-gnu-toolchain/bin/../lib/gcc/arm-none-eabi/6.3.1/../../../../arm-none-eabi/lib/thumb/v7-m\libc.a(lib_a-lock.o)
__lock___sinit_recursive_mutex
                    0x1               c:/program files (x86)/atmel/studio/7.0/toolchain/arm/arm-gnu-toolchain/bin/../lib/gcc/arm-none-eabi/6.3.1/../../../../arm-none-eabi/lib/thumb/v7-m\libc.a(lib_a-lock.o)
__lock___malloc_recursive_mutex
                    0x1               c:/program files (x86)/atmel/studio/7.0/toolchain/arm/arm-gnu-toolchain/bin/../lib/gcc/arm-none-eabi/6.3.1/../../../../arm-none-eabi/lib/thumb/v7-m\libc.a(lib_a-lock.o)
__lock___at_quick_exit_mutex
                    0x1               c:/program files (x86)/atmel/studio/7.0/toolchain/arm/arm-gnu-toolchain/bin/../lib/gcc/arm-none-eabi/6.3.1/../../../../arm-none-eabi/lib/thumb/v7-m\libc.a(lib_a-lock.o)
__lock___dd_hash_mutex
                    0x1               c:/program files (x86)/atmel/studio/7.0/toolchain/arm/arm-gnu-toolchain/bin/../lib/gcc/arm-none-eabi/6.3.1/../../../../arm-none-eabi/lib/thumb/v7-m\libc.a(lib_a-lock.o)
__lock___tz_mutex   0x1               c:/program files (x86)/atmel/studio/7.0/toolchain/arm/arm-gnu-toolchain/bin/../lib/gcc/arm-none-eabi/6.3.1/../../../../arm-none-eabi/lib/thumb/v7-m\libc.a(lib_a-lock.o)
__lock___sfp_recursive_mutex
                    0x1               c:/program files (x86)/atmel/studio/7.0/toolchain/arm/arm-gnu-toolchain/bin/../lib/gcc/arm-none-eabi/6.3.1/../../../../arm-none-eabi/lib/thumb/v7-m\libc.a(lib_a-lock.o)

Discarded input sections

 .text          0x00000000        0x0 c:/program files (x86)/atmel/studio/7.0/toolchain/arm/arm-gnu-toolchain/bin/../lib/gcc/arm-none-eabi/6.3.1/thumb/v7-m/crti.o
 .data          0x00000000        0x0 c:/program files (x86)/atmel/studio/7.0/toolchain/arm/arm-gnu-toolchain/bin/../lib/gcc/arm-none-eabi/6.3.1/thumb/v7-m/crti.o
 .bss           0x00000000        0x0 c:/program files (x86)/atmel/studio/7.0/toolchain/arm/arm-gnu-toolchain/bin/../lib/gcc/arm-none-eabi/6.3.1/thumb/v7-m/crti.o
 .data          0x00000000        0x4 c:/program files (x86)/atmel/studio/7.0/toolchain/arm/arm-gnu-toolchain/bin/../lib/gcc/arm-none-eabi/6.3.1/thumb/v7-m/crtbegin.o
 .text          0x00000000       0x74 c:/program files (x86)/atmel/studio/7.0/toolchain/arm/arm-gnu-toolchain/bin/../lib/gcc/arm-none-eabi/6.3.1/../../../../arm-none-eabi/lib/thumb/v7-m/crt0.o
 .data          0x00000000        0x0 c:/program files (x86)/atmel/studio/7.0/toolchain/arm/arm-gnu-toolchain/bin/../lib/gcc/arm-none-eabi/6.3.1/../../../../arm-none-eabi/lib/thumb/v7-m/crt0.o
 .bss           0x00000000        0x0 c:/program files (x86)/atmel/studio/7.0/toolchain/arm/arm-gnu-toolchain/bin/../lib/gcc/arm-none-eabi/6.3.1/../../../../arm-none-eabi/lib/thumb/v7-m/crt0.o
 .ARM.extab     0x00000000        0x0 c:/program files (x86)/atmel/studio/7.0/toolchain/arm/arm-gnu-toolchain/bin/../lib/gcc/arm-none-eabi/6.3.1/../../../../arm-none-eabi/lib/thumb/v7-m/crt0.o
 .ARM.exidx     0x00000000        0x8 c:/program files (x86)/atmel/studio/7.0/toolchain/arm/arm-gnu-toolchain/bin/../lib/gcc/arm-none-eabi/6.3.1/../../../../arm-none-eabi/lib/thumb/v7-m/crt0.o
 .ARM.attributes
                0x00000000       0x1b c:/program files (x86)/atmel/studio/7.0/toolchain/arm/arm-gnu-toolchain/bin/../lib/gcc/arm-none-eabi/6.3.1/../../../../arm-none-eabi/lib/thumb/v7-m/crt0.o
 .group         0x00000000        0x8 Device_Startup/startup_sam3xa.o
 .group         0x00000000        0x8 Device_Startup/startup_sam3xa.o
 .group         0x00000000        0x8 Device_Startup/startup_sam3xa.o
 .group         0x00000000        0x8 Device_Startup/startup_sam3xa.o
 .group         0x00000000        0x8 Device_Startup/startup_sam3xa.o
 .group         0x00000000        0x8 Device_Startup/startup_sam3xa.o
 .group         0x00000000        0x8 Device_Startup/startup_sam3xa.o
 .group         0x00000000        0x8 Device_Startup/startup_sam3xa.o
 .group         0x00000000        0x8 Device_Startup/startup_sam3xa.o
 .group         0x00000000        0x8 Device_Startup/startup_sam3xa.o
 .group         0x00000000        0x8 Device_Startup/startup_sam3xa.o
 .group         0x00000000        0x8 Device_Startup/startup_sam3xa.o
 .group         0x00000000        0x8 Device_Startup/startup_sam3xa.o
 .group         0x00000000        0x8 Device_Startup/startup_sam3xa.o
 .group         0x00000000        0x8 Device_Startup/startup_sam3xa.o
 .group         0x00000000        0x8 Device_Startup/startup_sam3xa.o
 .group         0x00000000        0x8 Device_Startup/startup_sam3xa.o
 .group         0x00000000        0x8 Device_Startup/startup_sam3xa.o
 .group         0x00000000        0x8 Device_Startup/startup_sam3xa.o
 .group         0x00000000        0x8 Device_Startup/startup_sam3xa.o
 .group         0x00000000        0x8 Device_Startup/startup_sam3xa.o
 .group         0x00000000        0x8 Device_Startup/startup_sam3xa.o
 .group         0x00000000        0x8 Device_Startup/startup_sam3xa.o
 .group         0x00000000        0x8 Device_Startup/startup_sam3xa.o
 .group         0x00000000        0x8 Device_Startup/startup_sam3xa.o
 .group         0x00000000        0x8 Device_Startup/startup_sam3xa.o
 .group         0x00000000        0x8 Device_Startup/startup_sam3xa.o
 .group         0x00000000        0x8 Device_Startup/startup_sam3xa.o
 .group         0x00000000        0x8 Device_Startup/startup_sam3xa.o
 .group         0x00000000        0x8 Device_Startup/startup_sam3xa.o
 .group         0x00000000        0x8 Device_Startup/startup_sam3xa.o
 .group         0x00000000        0x8 Device_Startup/startup_sam3xa.o
 .group         0x00000000        0x8 Device_Startup/startup_sam3xa.o
 .group         0x00000000        0x8 Device_Startup/startup_sam3xa.o
 .group         0x00000000        0x8 Device_Startup/startup_sam3xa.o
 .group         0x00000000        0x8 Device_Startup/startup_sam3xa.o
 .group         0x00000000        0x8 Device_Startup/startup_sam3xa.o
 .group         0x00000000        0x8 Device_Startup/startup_sam3xa.o
 .group         0x00000000        0x8 Device_Startup/startup_sam3xa.o
 .group         0x00000000        0x8 Device_Startup/startup_sam3xa.o
 .group         0x00000000        0x8 Device_Startup/startup_sam3xa.o
 .group         0x00000000        0x8 Device_Startup/startup_sam3xa.o
 .group         0x00000000        0x8 Device_Startup/startup_sam3xa.o
 .group         0x00000000        0x8 Device_Startup/startup_sam3xa.o
 .group         0x00000000        0x8 Device_Startup/startup_sam3xa.o
 .group         0x00000000        0x8 Device_Startup/startup_sam3xa.o
 .group         0x00000000        0x8 Device_Startup/startup_sam3xa.o
 .group         0x00000000        0x8 Device_Startup/startup_sam3xa.o
 .group         0x00000000        0x8 Device_Startup/startup_sam3xa.o
 .group         0x00000000        0x8 Device_Startup/startup_sam3xa.o
 .group         0x00000000        0x8 Device_Startup/startup_sam3xa.o
 .group         0x00000000        0x8 Device_Startup/startup_sam3xa.o
 .group         0x00000000        0x8 Device_Startup/startup_sam3xa.o
 .group         0x00000000        0x8 Device_Startup/startup_sam3xa.o
 .group         0x00000000        0x8 Device_Startup/startup_sam3xa.o
 .group         0x00000000        0x8 Device_Startup/startup_sam3xa.o
 .group         0x00000000        0x8 Device_Startup/startup_sam3xa.o
 .group         0x00000000        0x8 Device_Startup/startup_sam3xa.o
 .group         0x00000000        0x8 Device_Startup/startup_sam3xa.o
 .group         0x00000000        0x8 Device_Startup/startup_sam3xa.o
 .group         0x00000000        0x8 Device_Startup/startup_sam3xa.o
 .group         0x00000000        0x8 Device_Startup/startup_sam3xa.o
 .group         0x00000000        0x8 Device_Startup/startup_sam3xa.o
 .group         0x00000000        0x8 Device_Startup/startup_sam3xa.o
 .group         0x00000000        0x8 Device_Startup/startup_sam3xa.o
 .group         0x00000000        0x8 Device_Startup/startup_sam3xa.o
 .group         0x00000000        0x8 Device_Startup/startup_sam3xa.o
 .group         0x00000000        0x8 Device_Startup/startup_sam3xa.o
 .group         0x00000000        0x8 Device_Startup/startup_sam3xa.o
 .group         0x00000000        0x8 Device_Startup/startup_sam3xa.o
 .group         0x00000000        0x8 Device_Startup/startup_sam3xa.o
 .group         0x00000000        0x8 Device_Startup/startup_sam3xa.o
 .group         0x00000000        0x8 Device_Startup/startup_sam3xa.o
 .group         0x00000000        0x8 Device_Startup/startup_sam3xa.o
 .text          0x00000000        0x0 Device_Startup/startup_sam3xa.o
 .data          0x00000000        0x0 Device_Startup/startup_sam3xa.o
 .bss           0x00000000        0x0 Device_Startup/startup_sam3xa.o
 .group         0x00000000        0x8 Device_Startup/system_sam3xa.o
 .group         0x00000000        0x8 Device_Startup/system_sam3xa.o
 .group         0x00000000        0x8 Device_Startup/system_sam3xa.o
 .group         0x00000000        0x8 Device_Startup/system_sam3xa.o
 .group         0x00000000        0x8 Device_Startup/system_sam3xa.o
 .group         0x00000000        0x8 Device_Startup/system_sam3xa.o
 .group         0x00000000        0x8 Device_Startup/system_sam3xa.o
 .group         0x00000000        0x8 Device_Startup/system_sam3xa.o
 .group         0x00000000        0x8 Device_Startup/system_sam3xa.o
 .group         0x00000000        0x8 Device_Startup/system_sam3xa.o
 .group         0x00000000        0x8 Device_Startup/system_sam3xa.o
 .group         0x00000000        0x8 Device_Startup/system_sam3xa.o
 .group         0x00000000        0x8 Device_Startup/system_sam3xa.o
 .group         0x00000000        0x8 Device_Startup/system_sam3xa.o
 .group         0x00000000        0x8 Device_Startup/system_sam3xa.o
 .group         0x00000000        0x8 Device_Startup/system_sam3xa.o
 .group         0x00000000        0x8 Device_Startup/system_sam3xa.o
 .group         0x00000000        0x8 Device_Startup/system_sam3xa.o
 .group         0x00000000        0x8 Device_Startup/system_sam3xa.o
 .group         0x00000000        0x8 Device_Startup/system_sam3xa.o
 .group         0x00000000        0x8 Device_Startup/system_sam3xa.o
 .group         0x00000000        0x8 Device_Startup/system_sam3xa.o
 .group         0x00000000        0x8 Device_Startup/system_sam3xa.o
 .group         0x00000000        0x8 Device_Startup/system_sam3xa.o
 .group         0x00000000        0x8 Device_Startup/system_sam3xa.o
 .group         0x00000000        0x8 Device_Startup/system_sam3xa.o
 .group         0x00000000        0x8 Device_Startup/system_sam3xa.o
 .group         0x00000000        0x8 Device_Startup/system_sam3xa.o
 .group         0x00000000        0x8 Device_Startup/system_sam3xa.o
 .group         0x00000000        0x8 Device_Startup/system_sam3xa.o
 .group         0x00000000        0x8 Device_Startup/system_sam3xa.o
 .group         0x00000000        0x8 Device_Startup/system_sam3xa.o
 .group         0x00000000        0x8 Device_Startup/system_sam3xa.o
 .group         0x00000000        0x8 Device_Startup/system_sam3xa.o
 .group         0x00000000        0x8 Device_Startup/system_sam3xa.o
 .group         0x00000000        0x8 Device_Startup/system_sam3xa.o
 .group         0x00000000        0x8 Device_Startup/system_sam3xa.o
 .group         0x00000000        0x8 Device_Startup/system_sam3xa.o
 .group         0x00000000        0x8 Device_Startup/system_sam3xa.o
 .group         0x00000000        0x8 Device_Startup/system_sam3xa.o
 .group         0x00000000        0x8 Device_Startup/system_sam3xa.o
 .group         0x00000000        0x8 Device_Startup/system_sam3xa.o
 .group         0x00000000        0x8 Device_Startup/system_sam3xa.o
 .group         0x00000000        0x8 Device_Startup/system_sam3xa.o
 .group         0x00000000        0x8 Device_Startup/system_sam3xa.o
 .group         0x00000000        0x8 Device_Startup/system_sam3xa.o
 .group         0x00000000        0x8 Device_Startup/system_sam3xa.o
 .group         0x00000000        0x8 Device_Startup/system_sam3xa.o
 .group         0x00000000        0x8 Device_Startup/system_sam3xa.o
 .group         0x00000000        0x8 Device_Startup/system_sam3xa.o
 .group         0x00000000        0x8 Device_Startup/system_sam3xa.o
 .group         0x00000000        0x8 Device_Startup/system_sam3xa.o
 .group         0x00000000        0x8 Device_Startup/system_sam3xa.o
 .group         0x00000000        0x8 Device_Startup/system_sam3xa.o
 .group         0x00000000        0x8 Device_Startup/system_sam3xa.o
 .group         0x00000000        0x8 Device_Startup/system_sam3xa.o
 .group         0x00000000        0x8 Device_Startup/system_sam3xa.o
 .group         0x00000000        0x8 Device_Startup/system_sam3xa.o
 .group         0x00000000        0x8 Device_Startup/system_sam3xa.o
 .group         0x00000000        0x8 Device_Startup/system_sam3xa.o
 .group         0x00000000        0x8 Device_Startup/system_sam3xa.o
 .group         0x00000000        0x8 Device_Startup/system_sam3xa.o
 .group         0x00000000        0x8 Device_Startup/system_sam3xa.o
 .group         0x00000000        0x8 Device_Startup/system_sam3xa.o
 .group         0x00000000        0x8 Device_Startup/system_sam3xa.o
 .group         0x00000000        0x8 Device_Startup/system_sam3xa.o
 .group         0x00000000        0x8 Device_Startup/system_sam3xa.o
 .group         0x00000000        0x8 Device_Startup/system_sam3xa.o
 .group         0x00000000        0x8 Device_Startup/system_sam3xa.o
 .group         0x00000000        0x8 Device_Startup/system_sam3xa.o
 .group         0x00000000        0x8 Device_Startup/system_sam3xa.o
 .group         0x00000000        0x8 Device_Startup/system_sam3xa.o
 .group         0x00000000        0x8 Device_Startup/system_sam3xa.o
 .group         0x00000000        0x8 Device_Startup/system_sam3xa.o
 .text          0x00000000        0x0 Device_Startup/system_sam3xa.o
 .bss           0x00000000        0x0 Device_Startup/system_sam3xa.o
 .text.SystemCoreClockUpdate
                0x00000000      0x11c Device_Startup/system_sam3xa.o
 .text.system_init_flash
                0x00000000       0x7c Device_Startup/system_sam3xa.o
 .debug_macro   0x00000000      0x8b0 Device_Startup/system_sam3xa.o
 .debug_macro   0x00000000       0x22 Device_Startup/system_sam3xa.o
 .debug_macro   0x00000000       0x87 Device_Startup/system_sam3xa.o
 .debug_macro   0x00000000       0x51 Device_Startup/system_sam3xa.o
 .debug_macro   0x00000000       0xef Device_Startup/system_sam3xa.o
 .debug_macro   0x00000000       0x6a Device_Startup/system_sam3xa.o
 .debug_macro   0x00000000      0x1df Device_Startup/system_sam3xa.o
 .debug_macro   0x00000000       0x20 Device_Startup/system_sam3xa.o
 .debug_macro   0x00000000       0x1c Device_Startup/system_sam3xa.o
 .debug_macro   0x00000000       0x22 Device_Startup/system_sam3xa.o
 .debug_macro   0x00000000       0xc3 Device_Startup/system_sam3xa.o
 .debug_macro   0x00000000      0xe49 Device_Startup/system_sam3xa.o
 .debug_macro   0x00000000      0x11f Device_Startup/system_sam3xa.o
 .debug_macro   0x00000000      0xa7d Device_Startup/system_sam3xa.o
 .debug_macro   0x00000000      0x55a Device_Startup/system_sam3xa.o
 .debug_macro   0x00000000      0x1a8 Device_Startup/system_sam3xa.o
 .debug_macro   0x00000000      0x30b Device_Startup/system_sam3xa.o
 .debug_macro   0x00000000      0x709 Device_Startup/system_sam3xa.o
 .debug_macro   0x00000000       0xd6 Device_Startup/system_sam3xa.o
 .debug_macro   0x00000000       0x1c Device_Startup/system_sam3xa.o
 .debug_macro   0x00000000      0x678 Device_Startup/system_sam3xa.o
 .debug_macro   0x00000000      0x51e Device_Startup/system_sam3xa.o
 .debug_macro   0x00000000       0xbe Device_Startup/system_sam3xa.o
 .debug_macro   0x00000000     0x2333 Device_Startup/system_sam3xa.o
 .debug_macro   0x00000000      0x7d1 Device_Startup/system_sam3xa.o
 .debug_macro   0x00000000      0xdbb Device_Startup/system_sam3xa.o
 .debug_macro   0x00000000       0x9a Device_Startup/system_sam3xa.o
 .debug_macro   0x00000000      0x29c Device_Startup/system_sam3xa.o
 .debug_macro   0x00000000       0x58 Device_Startup/system_sam3xa.o
 .debug_macro   0x00000000      0x22d Device_Startup/system_sam3xa.o
 .debug_macro   0x00000000      0x4b4 Device_Startup/system_sam3xa.o
 .debug_macro   0x00000000      0x64a Device_Startup/system_sam3xa.o
 .debug_macro   0x00000000      0x590 Device_Startup/system_sam3xa.o
 .debug_macro   0x00000000       0x46 Device_Startup/system_sam3xa.o
 .debug_macro   0x00000000      0x33f Device_Startup/system_sam3xa.o
 .debug_macro   0x00000000      0x27e Device_Startup/system_sam3xa.o
 .debug_macro   0x00000000     0x14dc Device_Startup/system_sam3xa.o
 .debug_macro   0x00000000      0x7cf Device_Startup/system_sam3xa.o
 .debug_macro   0x00000000       0x76 Device_Startup/system_sam3xa.o
 .debug_macro   0x00000000       0x82 Device_Startup/system_sam3xa.o
 .debug_macro   0x00000000       0x76 Device_Startup/system_sam3xa.o
 .debug_macro   0x00000000       0x4c Device_Startup/system_sam3xa.o
 .debug_macro   0x00000000      0x100 Device_Startup/system_sam3xa.o
 .debug_macro   0x00000000      0x100 Device_Startup/system_sam3xa.o
 .debug_macro   0x00000000       0x88 Device_Startup/system_sam3xa.o
 .debug_macro   0x00000000       0x88 Device_Startup/system_sam3xa.o
 .debug_macro   0x00000000      0x3b4 Device_Startup/system_sam3xa.o
 .debug_macro   0x00000000       0xbe Device_Startup/system_sam3xa.o
 .debug_macro   0x00000000       0xbe Device_Startup/system_sam3xa.o
 .debug_macro   0x00000000       0xbe Device_Startup/system_sam3xa.o
 .debug_macro   0x00000000      0x2b8 Device_Startup/system_sam3xa.o
 .debug_macro   0x00000000      0x216 Device_Startup/system_sam3xa.o
 .debug_macro   0x00000000      0x216 Device_Startup/system_sam3xa.o
 .debug_macro   0x00000000       0x2e Device_Startup/system_sam3xa.o
 .debug_macro   0x00000000       0xac Device_Startup/system_sam3xa.o
 .debug_macro   0x00000000      0x13e Device_Startup/system_sam3xa.o
 .debug_macro   0x00000000       0x7c Device_Startup/system_sam3xa.o
 .debug_macro   0x00000000       0x64 Device_Startup/system_sam3xa.o
 .debug_macro   0x00000000       0xa6 Device_Startup/system_sam3xa.o
 .debug_macro   0x00000000       0x7c Device_Startup/system_sam3xa.o
 .debug_macro   0x00000000       0x16 Device_Startup/system_sam3xa.o
 .debug_macro   0x00000000       0x22 Device_Startup/system_sam3xa.o
 .debug_macro   0x00000000       0x22 Device_Startup/system_sam3xa.o
 .debug_macro   0x00000000      0x10c Device_Startup/system_sam3xa.o
 .debug_macro   0x00000000      0x10c Device_Startup/system_sam3xa.o
 .debug_macro   0x00000000       0x1c Device_Startup/system_sam3xa.o
 .debug_macro   0x00000000       0x2e Device_Startup/system_sam3xa.o
 .debug_macro   0x00000000       0x22 Device_Startup/system_sam3xa.o
 .debug_macro   0x00000000       0x1c Device_Startup/system_sam3xa.o
 .debug_macro   0x00000000       0x58 Device_Startup/system_sam3xa.o
 .debug_macro   0x00000000       0x10 Device_Startup/system_sam3xa.o
 .debug_macro   0x00000000      0x211 Device_Startup/system_sam3xa.o
 .debug_macro   0x00000000      0x77b Device_Startup/system_sam3xa.o
 .debug_macro   0x00000000      0x169 Device_Startup/system_sam3xa.o
 .group         0x00000000        0x8 Src/main.o
 .group         0x00000000        0x8 Src/main.o
 .group         0x00000000        0x8 Src/main.o
 .group         0x00000000        0x8 Src/main.o
 .group         0x00000000        0x8 Src/main.o
 .group         0x00000000        0x8 Src/main.o
 .group         0x00000000        0x8 Src/main.o
 .group         0x00000000        0x8 Src/main.o
 .group         0x00000000        0x8 Src/main.o
 .group         0x00000000        0x8 Src/main.o
 .group         0x00000000        0x8 Src/main.o
 .group         0x00000000        0x8 Src/main.o
 .group         0x00000000        0x8 Src/main.o
 .group         0x00000000        0x8 Src/main.o
 .group         0x00000000        0x8 Src/main.o
 .group         0x00000000        0x8 Src/main.o
 .group         0x00000000        0x8 Src/main.o
 .group         0x00000000        0x8 Src/main.o
 .group         0x00000000        0x8 Src/main.o
 .group         0x00000000        0x8 Src/main.o
 .group         0x00000000        0x8 Src/main.o
 .group         0x00000000        0x8 Src/main.o
 .group         0x00000000        0x8 Src/main.o
 .group         0x00000000        0x8 Src/main.o
 .group         0x00000000        0x8 Src/main.o
 .group         0x00000000        0x8 Src/main.o
 .group         0x00000000        0x8 Src/main.o
 .group         0x00000000        0x8 Src/main.o
 .group         0x00000000        0x8 Src/main.o
 .group         0x00000000        0x8 Src/main.o
 .group         0x00000000        0x8 Src/main.o
 .group         0x00000000        0x8 Src/main.o
 .group         0x00000000        0x8 Src/main.o
 .group         0x00000000        0x8 Src/main.o
 .group         0x00000000        0x8 Src/main.o
 .group         0x00000000        0x8 Src/main.o
 .group         0x00000000        0x8 Src/main.o
 .group         0x00000000        0x8 Src/main.o
 .group         0x00000000        0x8 Src/main.o
 .group         0x00000000        0x8 Src/main.o
 .group         0x00000000        0x8 Src/main.o
 .group         0x00000000        0x8 Src/main.o
 .group         0x00000000        0x8 Src/main.o
 .group         0x00000000        0x8 Src/main.o
 .group         0x00000000        0x8 Src/main.o
 .group         0x00000000        0x8 Src/main.o
 .group         0x00000000        0x8 Src/main.o
 .group         0x00000000        0x8 Src/main.o
 .group         0x00000000        0x8 Src/main.o
 .group         0x00000000        0x8 Src/main.o
 .group         0x00000000        0x8 Src/main.o
 .group         0x00000000        0x8 Src/main.o
 .group         0x00000000        0x8 Src/main.o
 .group         0x00000000        0x8 Src/main.o
 .group         0x00000000        0x8 Src/main.o
 .group         0x00000000        0x8 Src/main.o
 .group         0x00000000        0x8 Src/main.o
 .group         0x00000000        0x8 Src/main.o
 .group         0x00000000        0x8 Src/main.o
 .group         0x00000000        0x8 Src/main.o
 .group         0x00000000        0x8 Src/main.o
 .group         0x00000000        0x8 Src/main.o
 .group         0x00000000        0x8 Src/main.o
 .group         0x00000000        0x8 Src/main.o
 .group         0x00000000        0x8 Src/main.o
 .group         0x00000000        0x8 Src/main.o
 .group         0x00000000        0x8 Src/main.o
 .group         0x00000000        0x8 Src/main.o
 .group         0x00000000        0x8 Src/main.o
 .group         0x00000000        0x8 Src/main.o
 .group         0x00000000        0x8 Src/main.o
 .group         0x00000000        0x8 Src/main.o
 .group         0x00000000        0x8 Src/main.o
 .group         0x00000000        0x8 Src/main.o
 .group         0x00000000        0x8 Src/main.o
 .text          0x00000000        0x0 Src/main.o
 .data          0x00000000        0x0 Src/main.o
 .debug_macro   0x00000000      0x8b0 Src/main.o
 .debug_macro   0x00000000       0x22 Src/main.o
 .debug_macro   0x00000000       0x87 Src/main.o
 .debug_macro   0x00000000       0x51 Src/main.o
 .debug_macro   0x00000000       0xef Src/main.o
 .debug_macro   0x00000000       0x6a Src/main.o
 .debug_macro   0x00000000      0x1df Src/main.o
 .debug_macro   0x00000000       0x20 Src/main.o
 .debug_macro   0x00000000       0x1c Src/main.o
 .debug_macro   0x00000000       0x22 Src/main.o
 .debug_macro   0x00000000       0xc3 Src/main.o
 .debug_macro   0x00000000      0xe49 Src/main.o
 .debug_macro   0x00000000      0x11f Src/main.o
 .debug_macro   0x00000000      0xa7d Src/main.o
 .debug_macro   0x00000000      0x55a Src/main.o
 .debug_macro   0x00000000      0x1a8 Src/main.o
 .debug_macro   0x00000000      0x30b Src/main.o
 .debug_macro   0x00000000      0x709 Src/main.o
 .debug_macro   0x00000000       0xd6 Src/main.o
 .debug_macro   0x00000000       0x1c Src/main.o
 .debug_macro   0x00000000      0x678 Src/main.o
 .debug_macro   0x00000000      0x51e Src/main.o
 .debug_macro   0x00000000       0xbe Src/main.o
 .debug_macro   0x00000000     0x2333 Src/main.o
 .debug_macro   0x00000000      0x7d1 Src/main.o
 .debug_macro   0x00000000      0xdbb Src/main.o
 .debug_macro   0x00000000       0x9a Src/main.o
 .debug_macro   0x00000000      0x29c Src/main.o
 .debug_macro   0x00000000       0x58 Src/main.o
 .debug_macro   0x00000000      0x22d Src/main.o
 .debug_macro   0x00000000      0x4b4 Src/main.o
 .debug_macro   0x00000000      0x64a Src/main.o
 .debug_macro   0x00000000      0x590 Src/main.o
 .debug_macro   0x00000000       0x46 Src/main.o
 .debug_macro   0x00000000      0x33f Src/main.o
 .debug_macro   0x00000000      0x27e Src/main.o
 .debug_macro   0x00000000     0x14dc Src/main.o
 .debug_macro   0x00000000      0x7cf Src/main.o
 .debug_macro   0x00000000       0x76 Src/main.o
 .debug_macro   0x00000000       0x82 Src/main.o
 .debug_macro   0x00000000       0x76 Src/main.o
 .debug_macro   0x00000000       0x4c Src/main.o
 .debug_macro   0x00000000      0x100 Src/main.o
 .debug_macro   0x00000000      0x100 Src/main.o
 .debug_macro   0x00000000       0x88 Src/main.o
 .debug_macro   0x00000000       0x88 Src/main.o
 .debug_macro   0x00000000      0x3b4 Src/main.o
 .debug_macro   0x00000000       0xbe Src/main.o
 .debug_macro   0x00000000       0xbe Src/main.o
 .debug_macro   0x00000000       0xbe Src/main.o
 .debug_macro   0x00000000      0x2b8 Src/main.o
 .debug_macro   0x00000000      0x216 Src/main.o
 .debug_macro   0x00000000      0x216 Src/main.o
 .debug_macro   0x00000000       0x2e Src/main.o
 .debug_macro   0x00000000       0xac Src/main.o
 .debug_macro   0x00000000      0x13e Src/main.o
 .debug_macro   0x00000000       0x7c Src/main.o
 .debug_macro   0x00000000       0x64 Src/main.o
 .debug_macro   0x00000000       0xa6 Src/main.o
 .debug_macro   0x00000000       0x7c Src/main.o
 .debug_macro   0x00000000       0x16 Src/main.o
 .debug_macro   0x00000000       0x22 Src/main.o
 .debug_macro   0x00000000       0x22 Src/main.o
 .debug_macro   0x00000000      0x10c Src/main.o
 .debug_macro   0x00000000      0x10c Src/main.o
 .debug_macro   0x00000000       0x1c Src/main.o
 .debug_macro   0x00000000       0x2e Src/main.o
 .debug_macro   0x00000000       0x22 Src/main.o
 .debug_macro   0x00000000       0x1c Src/main.o
 .debug_macro   0x00000000       0x58 Src/main.o
 .debug_macro   0x00000000       0x10 Src/main.o
 .debug_macro   0x00000000      0x211 Src/main.o
 .debug_macro   0x00000000      0x77b Src/main.o
 .debug_macro   0x00000000      0x169 Src/main.o
 .group         0x00000000        0x8 Src/pio_init.o
 .group         0x00000000        0x8 Src/pio_init.o
 .group         0x00000000        0x8 Src/pio_init.o
 .group         0x00000000        0x8 Src/pio_init.o
 .group         0x00000000        0x8 Src/pio_init.o
 .group         0x00000000        0x8 Src/pio_init.o
 .group         0x00000000        0x8 Src/pio_init.o
 .group         0x00000000        0x8 Src/pio_init.o
 .group         0x00000000        0x8 Src/pio_init.o
 .group         0x00000000        0x8 Src/pio_init.o
 .group         0x00000000        0x8 Src/pio_init.o
 .group         0x00000000        0x8 Src/pio_init.o
 .group         0x00000000        0x8 Src/pio_init.o
 .group         0x00000000        0x8 Src/pio_init.o
 .group         0x00000000        0x8 Src/pio_init.o
 .group         0x00000000        0x8 Src/pio_init.o
 .group         0x00000000        0x8 Src/pio_init.o
 .group         0x00000000        0x8 Src/pio_init.o
 .group         0x00000000        0x8 Src/pio_init.o
 .group         0x00000000        0x8 Src/pio_init.o
 .group         0x00000000        0x8 Src/pio_init.o
 .group         0x00000000        0x8 Src/pio_init.o
 .group         0x00000000        0x8 Src/pio_init.o
 .group         0x00000000        0x8 Src/pio_init.o
 .group         0x00000000        0x8 Src/pio_init.o
 .group         0x00000000        0x8 Src/pio_init.o
 .group         0x00000000        0x8 Src/pio_init.o
 .group         0x00000000        0x8 Src/pio_init.o
 .group         0x00000000        0x8 Src/pio_init.o
 .group         0x00000000        0x8 Src/pio_init.o
 .group         0x00000000        0x8 Src/pio_init.o
 .group         0x00000000        0x8 Src/pio_init.o
 .group         0x00000000        0x8 Src/pio_init.o
 .group         0x00000000        0x8 Src/pio_init.o
 .group         0x00000000        0x8 Src/pio_init.o
 .group         0x00000000        0x8 Src/pio_init.o
 .group         0x00000000        0x8 Src/pio_init.o
 .group         0x00000000        0x8 Src/pio_init.o
 .group         0x00000000        0x8 Src/pio_init.o
 .group         0x00000000        0x8 Src/pio_init.o
 .group         0x00000000        0x8 Src/pio_init.o
 .group         0x00000000        0x8 Src/pio_init.o
 .group         0x00000000        0x8 Src/pio_init.o
 .group         0x00000000        0x8 Src/pio_init.o
 .group         0x00000000        0x8 Src/pio_init.o
 .group         0x00000000        0x8 Src/pio_init.o
 .group         0x00000000        0x8 Src/pio_init.o
 .group         0x00000000        0x8 Src/pio_init.o
 .group         0x00000000        0x8 Src/pio_init.o
 .group         0x00000000        0x8 Src/pio_init.o
 .group         0x00000000        0x8 Src/pio_init.o
 .group         0x00000000        0x8 Src/pio_init.o
 .group         0x00000000        0x8 Src/pio_init.o
 .group         0x00000000        0x8 Src/pio_init.o
 .group         0x00000000        0x8 Src/pio_init.o
 .group         0x00000000        0x8 Src/pio_init.o
 .group         0x00000000        0x8 Src/pio_init.o
 .group         0x00000000        0x8 Src/pio_init.o
 .group         0x00000000        0x8 Src/pio_init.o
 .group         0x00000000        0x8 Src/pio_init.o
 .group         0x00000000        0x8 Src/pio_init.o
 .group         0x00000000        0x8 Src/pio_init.o
 .group         0x00000000        0x8 Src/pio_init.o
 .group         0x00000000        0x8 Src/pio_init.o
 .group         0x00000000        0x8 Src/pio_init.o
 .group         0x00000000        0x8 Src/pio_init.o
 .group         0x00000000        0x8 Src/pio_init.o
 .group         0x00000000        0x8 Src/pio_init.o
 .group         0x00000000        0x8 Src/pio_init.o
 .group         0x00000000        0x8 Src/pio_init.o
 .group         0x00000000        0x8 Src/pio_init.o
 .group         0x00000000        0x8 Src/pio_init.o
 .group         0x00000000        0x8 Src/pio_init.o
 .group         0x00000000        0x8 Src/pio_init.o
 .group         0x00000000        0x8 Src/pio_init.o
 .text          0x00000000        0x0 Src/pio_init.o
 .data          0x00000000        0x0 Src/pio_init.o
 .bss           0x00000000        0x0 Src/pio_init.o
 .debug_macro   0x00000000      0x8b0 Src/pio_init.o
 .debug_macro   0x00000000       0x22 Src/pio_init.o
 .debug_macro   0x00000000       0x87 Src/pio_init.o
 .debug_macro   0x00000000       0x51 Src/pio_init.o
 .debug_macro   0x00000000       0xef Src/pio_init.o
 .debug_macro   0x00000000       0x6a Src/pio_init.o
 .debug_macro   0x00000000      0x1df Src/pio_init.o
 .debug_macro   0x00000000       0x20 Src/pio_init.o
 .debug_macro   0x00000000       0x1c Src/pio_init.o
 .debug_macro   0x00000000       0x22 Src/pio_init.o
 .debug_macro   0x00000000       0xc3 Src/pio_init.o
 .debug_macro   0x00000000      0xe49 Src/pio_init.o
 .debug_macro   0x00000000      0x11f Src/pio_init.o
 .debug_macro   0x00000000      0xa7d Src/pio_init.o
 .debug_macro   0x00000000      0x55a Src/pio_init.o
 .debug_macro   0x00000000      0x1a8 Src/pio_init.o
 .debug_macro   0x00000000      0x30b Src/pio_init.o
 .debug_macro   0x00000000      0x709 Src/pio_init.o
 .debug_macro   0x00000000       0xd6 Src/pio_init.o
 .debug_macro   0x00000000       0x1c Src/pio_init.o
 .debug_macro   0x00000000      0x678 Src/pio_init.o
 .debug_macro   0x00000000      0x51e Src/pio_init.o
 .debug_macro   0x00000000       0xbe Src/pio_init.o
 .debug_macro   0x00000000     0x2333 Src/pio_init.o
 .debug_macro   0x00000000      0x7d1 Src/pio_init.o
 .debug_macro   0x00000000      0xdbb Src/pio_init.o
 .debug_macro   0x00000000       0x9a Src/pio_init.o
 .debug_macro   0x00000000      0x29c Src/pio_init.o
 .debug_macro   0x00000000       0x58 Src/pio_init.o
 .debug_macro   0x00000000      0x22d Src/pio_init.o
 .debug_macro   0x00000000      0x4b4 Src/pio_init.o
 .debug_macro   0x00000000      0x64a Src/pio_init.o
 .debug_macro   0x00000000      0x590 Src/pio_init.o
 .debug_macro   0x00000000       0x46 Src/pio_init.o
 .debug_macro   0x00000000      0x33f Src/pio_init.o
 .debug_macro   0x00000000      0x27e Src/pio_init.o
 .debug_macro   0x00000000     0x14dc Src/pio_init.o
 .debug_macro   0x00000000      0x7cf Src/pio_init.o
 .debug_macro   0x00000000       0x76 Src/pio_init.o
 .debug_macro   0x00000000       0x82 Src/pio_init.o
 .debug_macro   0x00000000       0x76 Src/pio_init.o
 .debug_macro   0x00000000       0x4c Src/pio_init.o
 .debug_macro   0x00000000      0x100 Src/pio_init.o
 .debug_macro   0x00000000      0x100 Src/pio_init.o
 .debug_macro   0x00000000       0x88 Src/pio_init.o
 .debug_macro   0x00000000       0x88 Src/pio_init.o
 .debug_macro   0x00000000      0x3b4 Src/pio_init.o
 .debug_macro   0x00000000       0xbe Src/pio_init.o
 .debug_macro   0x00000000       0xbe Src/pio_init.o
 .debug_macro   0x00000000       0xbe Src/pio_init.o
 .debug_macro   0x00000000      0x2b8 Src/pio_init.o
 .debug_macro   0x00000000      0x216 Src/pio_init.o
 .debug_macro   0x00000000      0x216 Src/pio_init.o
 .debug_macro   0x00000000       0x2e Src/pio_init.o
 .debug_macro   0x00000000       0xac Src/pio_init.o
 .debug_macro   0x00000000      0x13e Src/pio_init.o
 .debug_macro   0x00000000       0x7c Src/pio_init.o
 .debug_macro   0x00000000       0x64 Src/pio_init.o
 .debug_macro   0x00000000       0xa6 Src/pio_init.o
 .debug_macro   0x00000000       0x7c Src/pio_init.o
 .debug_macro   0x00000000       0x16 Src/pio_init.o
 .debug_macro   0x00000000       0x22 Src/pio_init.o
 .debug_macro   0x00000000       0x22 Src/pio_init.o
 .debug_macro   0x00000000      0x10c Src/pio_init.o
 .debug_macro   0x00000000      0x10c Src/pio_init.o
 .debug_macro   0x00000000       0x1c Src/pio_init.o
 .debug_macro   0x00000000       0x2e Src/pio_init.o
 .debug_macro   0x00000000       0x22 Src/pio_init.o
 .debug_macro   0x00000000       0x1c Src/pio_init.o
 .debug_macro   0x00000000       0x58 Src/pio_init.o
 .debug_macro   0x00000000       0x10 Src/pio_init.o
 .debug_macro   0x00000000      0x211 Src/pio_init.o
 .debug_macro   0x00000000      0x77b Src/pio_init.o
 .debug_macro   0x00000000      0x169 Src/pio_init.o
 .debug_macro   0x00000000       0x1c Src/pio_init.o
 .text          0x00000000        0x0 c:/program files (x86)/atmel/studio/7.0/toolchain/arm/arm-gnu-toolchain/bin/../lib/gcc/arm-none-eabi/6.3.1/../../../../arm-none-eabi/lib/thumb/v7-m\libc.a(lib_a-exit.o)
 .data          0x00000000        0x0 c:/program files (x86)/atmel/studio/7.0/toolchain/arm/arm-gnu-toolchain/bin/../lib/gcc/arm-none-eabi/6.3.1/../../../../arm-none-eabi/lib/thumb/v7-m\libc.a(lib_a-exit.o)
 .bss           0x00000000        0x0 c:/program files (x86)/atmel/studio/7.0/toolchain/arm/arm-gnu-toolchain/bin/../lib/gcc/arm-none-eabi/6.3.1/../../../../arm-none-eabi/lib/thumb/v7-m\libc.a(lib_a-exit.o)
 .text.exit     0x00000000       0x20 c:/program files (x86)/atmel/studio/7.0/toolchain/arm/arm-gnu-toolchain/bin/../lib/gcc/arm-none-eabi/6.3.1/../../../../arm-none-eabi/lib/thumb/v7-m\libc.a(lib_a-exit.o)
 .debug_frame   0x00000000       0x28 c:/program files (x86)/atmel/studio/7.0/toolchain/arm/arm-gnu-toolchain/bin/../lib/gcc/arm-none-eabi/6.3.1/../../../../arm-none-eabi/lib/thumb/v7-m\libc.a(lib_a-exit.o)
 .ARM.attributes
                0x00000000       0x2d c:/program files (x86)/atmel/studio/7.0/toolchain/arm/arm-gnu-toolchain/bin/../lib/gcc/arm-none-eabi/6.3.1/../../../../arm-none-eabi/lib/thumb/v7-m\libc.a(lib_a-exit.o)
 .text          0x00000000        0x0 c:/program files (x86)/atmel/studio/7.0/toolchain/arm/arm-gnu-toolchain/bin/../lib/gcc/arm-none-eabi/6.3.1/../../../../arm-none-eabi/lib/thumb/v7-m\libc.a(lib_a-impure.o)
 .data          0x00000000        0x0 c:/program files (x86)/atmel/studio/7.0/toolchain/arm/arm-gnu-toolchain/bin/../lib/gcc/arm-none-eabi/6.3.1/../../../../arm-none-eabi/lib/thumb/v7-m\libc.a(lib_a-impure.o)
 .bss           0x00000000        0x0 c:/program files (x86)/atmel/studio/7.0/toolchain/arm/arm-gnu-toolchain/bin/../lib/gcc/arm-none-eabi/6.3.1/../../../../arm-none-eabi/lib/thumb/v7-m\libc.a(lib_a-impure.o)
 .data._impure_ptr
                0x00000000        0x4 c:/program files (x86)/atmel/studio/7.0/toolchain/arm/arm-gnu-toolchain/bin/../lib/gcc/arm-none-eabi/6.3.1/../../../../arm-none-eabi/lib/thumb/v7-m\libc.a(lib_a-impure.o)
 .text          0x00000000        0x0 c:/program files (x86)/atmel/studio/7.0/toolchain/arm/arm-gnu-toolchain/bin/../lib/gcc/arm-none-eabi/6.3.1/../../../../arm-none-eabi/lib/thumb/v7-m\libc.a(lib_a-init.o)
 .data          0x00000000        0x0 c:/program files (x86)/atmel/studio/7.0/toolchain/arm/arm-gnu-toolchain/bin/../lib/gcc/arm-none-eabi/6.3.1/../../../../arm-none-eabi/lib/thumb/v7-m\libc.a(lib_a-init.o)
 .bss           0x00000000        0x0 c:/program files (x86)/atmel/studio/7.0/toolchain/arm/arm-gnu-toolchain/bin/../lib/gcc/arm-none-eabi/6.3.1/../../../../arm-none-eabi/lib/thumb/v7-m\libc.a(lib_a-init.o)
 .text          0x00000000        0x0 c:/program files (x86)/atmel/studio/7.0/toolchain/arm/arm-gnu-toolchain/bin/../lib/gcc/arm-none-eabi/6.3.1/../../../../arm-none-eabi/lib/thumb/v7-m\libc.a(lib_a-memset.o)
 .data          0x00000000        0x0 c:/program files (x86)/atmel/studio/7.0/toolchain/arm/arm-gnu-toolchain/bin/../lib/gcc/arm-none-eabi/6.3.1/../../../../arm-none-eabi/lib/thumb/v7-m\libc.a(lib_a-memset.o)
 .bss           0x00000000        0x0 c:/program files (x86)/atmel/studio/7.0/toolchain/arm/arm-gnu-toolchain/bin/../lib/gcc/arm-none-eabi/6.3.1/../../../../arm-none-eabi/lib/thumb/v7-m\libc.a(lib_a-memset.o)
 .text.memset   0x00000000       0x9c c:/program files (x86)/atmel/studio/7.0/toolchain/arm/arm-gnu-toolchain/bin/../lib/gcc/arm-none-eabi/6.3.1/../../../../arm-none-eabi/lib/thumb/v7-m\libc.a(lib_a-memset.o)
 .debug_frame   0x00000000       0x34 c:/program files (x86)/atmel/studio/7.0/toolchain/arm/arm-gnu-toolchain/bin/../lib/gcc/arm-none-eabi/6.3.1/../../../../arm-none-eabi/lib/thumb/v7-m\libc.a(lib_a-memset.o)
 .ARM.attributes
                0x00000000       0x2d c:/program files (x86)/atmel/studio/7.0/toolchain/arm/arm-gnu-toolchain/bin/../lib/gcc/arm-none-eabi/6.3.1/../../../../arm-none-eabi/lib/thumb/v7-m\libc.a(lib_a-memset.o)
 .text          0x00000000        0x0 c:/program files (x86)/atmel/studio/7.0/toolchain/arm/arm-gnu-toolchain/bin/../lib/gcc/arm-none-eabi/6.3.1/../../../../arm-none-eabi/lib/thumb/v7-m\libc.a(lib_a-__call_atexit.o)
 .data          0x00000000        0x0 c:/program files (x86)/atmel/studio/7.0/toolchain/arm/arm-gnu-toolchain/bin/../lib/gcc/arm-none-eabi/6.3.1/../../../../arm-none-eabi/lib/thumb/v7-m\libc.a(lib_a-__call_atexit.o)
 .bss           0x00000000        0x0 c:/program files (x86)/atmel/studio/7.0/toolchain/arm/arm-gnu-toolchain/bin/../lib/gcc/arm-none-eabi/6.3.1/../../../../arm-none-eabi/lib/thumb/v7-m\libc.a(lib_a-__call_atexit.o)
 .text.__call_exitprocs
                0x00000000       0xe8 c:/program files (x86)/atmel/studio/7.0/toolchain/arm/arm-gnu-toolchain/bin/../lib/gcc/arm-none-eabi/6.3.1/../../../../arm-none-eabi/lib/thumb/v7-m\libc.a(lib_a-__call_atexit.o)
 .text          0x00000000        0x0 c:/program files (x86)/atmel/studio/7.0/toolchain/arm/arm-gnu-toolchain/bin/../lib/gcc/arm-none-eabi/6.3.1/../../../../arm-none-eabi/lib/thumb/v7-m\libc.a(lib_a-atexit.o)
 .data          0x00000000        0x0 c:/program files (x86)/atmel/studio/7.0/toolchain/arm/arm-gnu-toolchain/bin/../lib/gcc/arm-none-eabi/6.3.1/../../../../arm-none-eabi/lib/thumb/v7-m\libc.a(lib_a-atexit.o)
 .bss           0x00000000        0x0 c:/program files (x86)/atmel/studio/7.0/toolchain/arm/arm-gnu-toolchain/bin/../lib/gcc/arm-none-eabi/6.3.1/../../../../arm-none-eabi/lib/thumb/v7-m\libc.a(lib_a-atexit.o)
 .text          0x00000000        0x0 c:/program files (x86)/atmel/studio/7.0/toolchain/arm/arm-gnu-toolchain/bin/../lib/gcc/arm-none-eabi/6.3.1/../../../../arm-none-eabi/lib/thumb/v7-m\libc.a(lib_a-fini.o)
 .data          0x00000000        0x0 c:/program files (x86)/atmel/studio/7.0/toolchain/arm/arm-gnu-toolchain/bin/../lib/gcc/arm-none-eabi/6.3.1/../../../../arm-none-eabi/lib/thumb/v7-m\libc.a(lib_a-fini.o)
 .bss           0x00000000        0x0 c:/program files (x86)/atmel/studio/7.0/toolchain/arm/arm-gnu-toolchain/bin/../lib/gcc/arm-none-eabi/6.3.1/../../../../arm-none-eabi/lib/thumb/v7-m\libc.a(lib_a-fini.o)
 .text          0x00000000        0x0 c:/program files (x86)/atmel/studio/7.0/toolchain/arm/arm-gnu-toolchain/bin/../lib/gcc/arm-none-eabi/6.3.1/../../../../arm-none-eabi/lib/thumb/v7-m\libc.a(lib_a-lock.o)
 .data          0x00000000        0x0 c:/program files (x86)/atmel/studio/7.0/toolchain/arm/arm-gnu-toolchain/bin/../lib/gcc/arm-none-eabi/6.3.1/../../../../arm-none-eabi/lib/thumb/v7-m\libc.a(lib_a-lock.o)
 .bss           0x00000000        0x0 c:/program files (x86)/atmel/studio/7.0/toolchain/arm/arm-gnu-toolchain/bin/../lib/gcc/arm-none-eabi/6.3.1/../../../../arm-none-eabi/lib/thumb/v7-m\libc.a(lib_a-lock.o)
 .text.__retarget_lock_init
                0x00000000        0x4 c:/program files (x86)/atmel/studio/7.0/toolchain/arm/arm-gnu-toolchain/bin/../lib/gcc/arm-none-eabi/6.3.1/../../../../arm-none-eabi/lib/thumb/v7-m\libc.a(lib_a-lock.o)
 .text.__retarget_lock_init_recursive
                0x00000000        0x4 c:/program files (x86)/atmel/studio/7.0/toolchain/arm/arm-gnu-toolchain/bin/../lib/gcc/arm-none-eabi/6.3.1/../../../../arm-none-eabi/lib/thumb/v7-m\libc.a(lib_a-lock.o)
 .text.__retarget_lock_close
                0x00000000        0x4 c:/program files (x86)/atmel/studio/7.0/toolchain/arm/arm-gnu-toolchain/bin/../lib/gcc/arm-none-eabi/6.3.1/../../../../arm-none-eabi/lib/thumb/v7-m\libc.a(lib_a-lock.o)
 .text.__retarget_lock_close_recursive
                0x00000000        0x4 c:/program files (x86)/atmel/studio/7.0/toolchain/arm/arm-gnu-toolchain/bin/../lib/gcc/arm-none-eabi/6.3.1/../../../../arm-none-eabi/lib/thumb/v7-m\libc.a(lib_a-lock.o)
 .text.__retarget_lock_acquire
                0x00000000        0x4 c:/program files (x86)/atmel/studio/7.0/toolchain/arm/arm-gnu-toolchain/bin/../lib/gcc/arm-none-eabi/6.3.1/../../../../arm-none-eabi/lib/thumb/v7-m\libc.a(lib_a-lock.o)
 .text.__retarget_lock_try_acquire
                0x00000000        0x4 c:/program files (x86)/atmel/studio/7.0/toolchain/arm/arm-gnu-toolchain/bin/../lib/gcc/arm-none-eabi/6.3.1/../../../../arm-none-eabi/lib/thumb/v7-m\libc.a(lib_a-lock.o)
 .text.__retarget_lock_try_acquire_recursive
                0x00000000        0x4 c:/program files (x86)/atmel/studio/7.0/toolchain/arm/arm-gnu-toolchain/bin/../lib/gcc/arm-none-eabi/6.3.1/../../../../arm-none-eabi/lib/thumb/v7-m\libc.a(lib_a-lock.o)
 .text.__retarget_lock_release
                0x00000000        0x4 c:/program files (x86)/atmel/studio/7.0/toolchain/arm/arm-gnu-toolchain/bin/../lib/gcc/arm-none-eabi/6.3.1/../../../../arm-none-eabi/lib/thumb/v7-m\libc.a(lib_a-lock.o)
 .text          0x00000000        0x0 c:/program files (x86)/atmel/studio/7.0/toolchain/arm/arm-gnu-toolchain/bin/../lib/gcc/arm-none-eabi/6.3.1/../../../../arm-none-eabi/lib/thumb/v7-m\libc.a(lib_a-__atexit.o)
 .data          0x00000000        0x0 c:/program files (x86)/atmel/studio/7.0/toolchain/arm/arm-gnu-toolchain/bin/../lib/gcc/arm-none-eabi/6.3.1/../../../../arm-none-eabi/lib/thumb/v7-m\libc.a(lib_a-__atexit.o)
 .bss           0x00000000        0x0 c:/program files (x86)/atmel/studio/7.0/toolchain/arm/arm-gnu-toolchain/bin/../lib/gcc/arm-none-eabi/6.3.1/../../../../arm-none-eabi/lib/thumb/v7-m\libc.a(lib_a-__atexit.o)
 .text          0x00000000        0x0 c:/program files (x86)/atmel/studio/7.0/toolchain/arm/arm-gnu-toolchain/bin/../lib/gcc/arm-none-eabi/6.3.1/thumb/v7-m/crtend.o
 .data          0x00000000        0x0 c:/program files (x86)/atmel/studio/7.0/toolchain/arm/arm-gnu-toolchain/bin/../lib/gcc/arm-none-eabi/6.3.1/thumb/v7-m/crtend.o
 .bss           0x00000000        0x0 c:/program files (x86)/atmel/studio/7.0/toolchain/arm/arm-gnu-toolchain/bin/../lib/gcc/arm-none-eabi/6.3.1/thumb/v7-m/crtend.o
 .eh_frame      0x00000000        0x4 c:/program files (x86)/atmel/studio/7.0/toolchain/arm/arm-gnu-toolchain/bin/../lib/gcc/arm-none-eabi/6.3.1/thumb/v7-m/crtend.o
 .jcr           0x00000000        0x4 c:/program files (x86)/atmel/studio/7.0/toolchain/arm/arm-gnu-toolchain/bin/../lib/gcc/arm-none-eabi/6.3.1/thumb/v7-m/crtend.o
 .ARM.attributes
                0x00000000       0x2d c:/program files (x86)/atmel/studio/7.0/toolchain/arm/arm-gnu-toolchain/bin/../lib/gcc/arm-none-eabi/6.3.1/thumb/v7-m/crtend.o
 .text          0x00000000        0x0 c:/program files (x86)/atmel/studio/7.0/toolchain/arm/arm-gnu-toolchain/bin/../lib/gcc/arm-none-eabi/6.3.1/thumb/v7-m/crtn.o
 .data          0x00000000        0x0 c:/program files (x86)/atmel/studio/7.0/toolchain/arm/arm-gnu-toolchain/bin/../lib/gcc/arm-none-eabi/6.3.1/thumb/v7-m/crtn.o
 .bss           0x00000000        0x0 c:/program files (x86)/atmel/studio/7.0/toolchain/arm/arm-gnu-toolchain/bin/../lib/gcc/arm-none-eabi/6.3.1/thumb/v7-m/crtn.o

Memory Configuration

Name             Origin             Length             Attributes
rom              0x00080000         0x00040000         xr
ram              0x20000000         0x00010000         xrw
*default*        0x00000000         0xffffffff

Linker script and memory map

LOAD c:/program files (x86)/atmel/studio/7.0/toolchain/arm/arm-gnu-toolchain/bin/../lib/gcc/arm-none-eabi/6.3.1/thumb/v7-m/crti.o
LOAD c:/program files (x86)/atmel/studio/7.0/toolchain/arm/arm-gnu-toolchain/bin/../lib/gcc/arm-none-eabi/6.3.1/thumb/v7-m/crtbegin.o
LOAD c:/program files (x86)/atmel/studio/7.0/toolchain/arm/arm-gnu-toolchain/bin/../lib/gcc/arm-none-eabi/6.3.1/../../../../arm-none-eabi/lib/thumb/v7-m/crt0.o
LOAD Device_Startup/startup_sam3xa.o
LOAD Device_Startup/system_sam3xa.o
LOAD Src/main.o
LOAD Src/pio_init.o
START GROUP
LOAD c:/program files (x86)/atmel/studio/7.0/toolchain/arm/arm-gnu-toolchain/bin/../lib/gcc/arm-none-eabi/6.3.1/../../../../arm-none-eabi/lib/thumb/v7-m\libm.a
END GROUP
START GROUP
LOAD c:/program files (x86)/atmel/studio/7.0/toolchain/arm/arm-gnu-toolchain/bin/../lib/gcc/arm-none-eabi/6.3.1/thumb/v7-m\libgcc.a
LOAD c:/program files (x86)/atmel/studio/7.0/toolchain/arm/arm-gnu-toolchain/bin/../lib/gcc/arm-none-eabi/6.3.1/../../../../arm-none-eabi/lib/thumb/v7-m\libc.a
END GROUP
LOAD c:/program files (x86)/atmel/studio/7.0/toolchain/arm/arm-gnu-toolchain/bin/../lib/gcc/arm-none-eabi/6.3.1/thumb/v7-m/crtend.o
LOAD c:/program files (x86)/atmel/studio/7.0/toolchain/arm/arm-gnu-toolchain/bin/../lib/gcc/arm-none-eabi/6.3.1/thumb/v7-m/crtn.o
                0x00000400                STACK_SIZE = DEFINED (STACK_SIZE)?STACK_SIZE:0x400
                0x00000200                HEAP_SIZE = DEFINED (HEAP_SIZE)?HEAP_SIZE:0x200

.text           0x00080000      0x50c
                0x00080000                . = ALIGN (0x4)
                0x00080000                _sfixed = .
 *(.vectors .vectors.*)
 .vectors       0x00080000       0xf4 Device_Startup/startup_sam3xa.o
                0x00080000                exception_table
 *(.text .text.* .gnu.linkonce.t.*)
 .text          0x000800f4       0x6c c:/program files (x86)/atmel/studio/7.0/toolchain/arm/arm-gnu-toolchain/bin/../lib/gcc/arm-none-eabi/6.3.1/thumb/v7-m/crtbegin.o
 .text.Dummy_Handler
                0x00080160        0x2 Device_Startup/startup_sam3xa.o
                0x00080160                DACC_Handler
                0x00080160                DebugMon_Handler
                0x00080160                DMAC_Handler
                0x00080160                TRNG_Handler
                0x00080160                HardFault_Handler
                0x00080160                TC2_Handler
                0x00080160                SysTick_Handler
                0x00080160                TWI1_Handler
                0x00080160                PendSV_Handler
                0x00080160                NMI_Handler
                0x00080160                ADC_Handler
                0x00080160                USART0_Handler
                0x00080160                RTT_Handler
                0x00080160                EFC1_Handler
                0x00080160                PIOB_Handler
                0x00080160                RTC_Handler
                0x00080160                UsageFault_Handler
                0x00080160                WDT_Handler
                0x00080160                CAN0_Handler
                0x00080160                TC4_Handler
                0x00080160                TC1_Handler
                0x00080160                HSMCI_Handler
                0x00080160                TC3_Handler
                0x00080160                Dummy_Handler
                0x00080160                TWI0_Handler
                0x00080160                USART1_Handler
                0x00080160                PIOA_Handler
                0x00080160                SSC_Handler
                0x00080160                EFC0_Handler
                0x00080160                PMC_Handler
                0x00080160                PWM_Handler
                0x00080160                CAN1_Handler
                0x00080160                MemManage_Handler
                0x00080160                SUPC_Handler
                0x00080160                SVC_Handler
                0x00080160                USART2_Handler
                0x00080160                UART_Handler
                0x00080160                BusFault_Handler
                0x00080160                RSTC_Handler
                0x00080160                TC0_Handler
                0x00080160                TC5_Handler
                0x00080160                UOTGHS_Handler
                0x00080160                SPI0_Handler
 *fill*         0x00080162        0x2 
 .text.Reset_Handler
                0x00080164       0x6c Device_Startup/startup_sam3xa.o
                0x00080164                Reset_Handler
 .text.SystemInit
                0x000801d0       0xa4 Device_Startup/system_sam3xa.o
                0x000801d0                SystemInit
 .text.main     0x00080274       0x7c Src/main.o
                0x00080274                main
 .text.PIO_INIT
                0x000802f0       0x84 Src/pio_init.o
                0x000802f0                PIO_INIT
 .text.__libc_init_array
                0x00080374       0x50 c:/program files (x86)/atmel/studio/7.0/toolchain/arm/arm-gnu-toolchain/bin/../lib/gcc/arm-none-eabi/6.3.1/../../../../arm-none-eabi/lib/thumb/v7-m\libc.a(lib_a-init.o)
                0x00080374                __libc_init_array
 .text.startup.register_fini
                0x000803c4       0x14 c:/program files (x86)/atmel/studio/7.0/toolchain/arm/arm-gnu-toolchain/bin/../lib/gcc/arm-none-eabi/6.3.1/../../../../arm-none-eabi/lib/thumb/v7-m\libc.a(lib_a-__call_atexit.o)
 .text.atexit   0x000803d8        0xc c:/program files (x86)/atmel/studio/7.0/toolchain/arm/arm-gnu-toolchain/bin/../lib/gcc/arm-none-eabi/6.3.1/../../../../arm-none-eabi/lib/thumb/v7-m\libc.a(lib_a-atexit.o)
                0x000803d8                atexit
 .text.__libc_fini_array
                0x000803e4       0x34 c:/program files (x86)/atmel/studio/7.0/toolchain/arm/arm-gnu-toolchain/bin/../lib/gcc/arm-none-eabi/6.3.1/../../../../arm-none-eabi/lib/thumb/v7-m\libc.a(lib_a-fini.o)
                0x000803e4                __libc_fini_array
 .text.__retarget_lock_acquire_recursive
                0x00080418        0x4 c:/program files (x86)/atmel/studio/7.0/toolchain/arm/arm-gnu-toolchain/bin/../lib/gcc/arm-none-eabi/6.3.1/../../../../arm-none-eabi/lib/thumb/v7-m\libc.a(lib_a-lock.o)
                0x00080418                __retarget_lock_acquire_recursive
 .text.__retarget_lock_release_recursive
                0x0008041c        0x4 c:/program files (x86)/atmel/studio/7.0/toolchain/arm/arm-gnu-toolchain/bin/../lib/gcc/arm-none-eabi/6.3.1/../../../../arm-none-eabi/lib/thumb/v7-m\libc.a(lib_a-lock.o)
                0x0008041c                __retarget_lock_release_recursive
 .text.__register_exitproc
                0x00080420       0xc4 c:/program files (x86)/atmel/studio/7.0/toolchain/arm/arm-gnu-toolchain/bin/../lib/gcc/arm-none-eabi/6.3.1/../../../../arm-none-eabi/lib/thumb/v7-m\libc.a(lib_a-__atexit.o)
                0x00080420                __register_exitproc
 *(.glue_7t)
 .glue_7t       0x000804e4        0x0 linker stubs
 *(.glue_7)
 .glue_7        0x000804e4        0x0 linker stubs
 *(.rodata .rodata* .gnu.linkonce.r.*)
 .rodata._global_impure_ptr
                0x000804e4        0x4 c:/program files (x86)/atmel/studio/7.0/toolchain/arm/arm-gnu-toolchain/bin/../lib/gcc/arm-none-eabi/6.3.1/../../../../arm-none-eabi/lib/thumb/v7-m\libc.a(lib_a-impure.o)
                0x000804e4                _global_impure_ptr
 *(.ARM.extab* .gnu.linkonce.armextab.*)
                0x000804e8                . = ALIGN (0x4)
 *(.init)
 .init          0x000804e8        0x4 c:/program files (x86)/atmel/studio/7.0/toolchain/arm/arm-gnu-toolchain/bin/../lib/gcc/arm-none-eabi/6.3.1/thumb/v7-m/crti.o
                0x000804e8                _init
 .init          0x000804ec        0x8 c:/program files (x86)/atmel/studio/7.0/toolchain/arm/arm-gnu-toolchain/bin/../lib/gcc/arm-none-eabi/6.3.1/thumb/v7-m/crtn.o
                0x000804f4                . = ALIGN (0x4)
                0x000804f4                __preinit_array_start = .
 *(.preinit_array)
                0x000804f4                __preinit_array_end = .
                0x000804f4                . = ALIGN (0x4)
                0x000804f4                __init_array_start = .
 *(SORT(.init_array.*))
 .init_array.00000
                0x000804f4        0x4 c:/program files (x86)/atmel/studio/7.0/toolchain/arm/arm-gnu-toolchain/bin/../lib/gcc/arm-none-eabi/6.3.1/../../../../arm-none-eabi/lib/thumb/v7-m\libc.a(lib_a-__call_atexit.o)
 *(.init_array)
 .init_array    0x000804f8        0x4 c:/program files (x86)/atmel/studio/7.0/toolchain/arm/arm-gnu-toolchain/bin/../lib/gcc/arm-none-eabi/6.3.1/thumb/v7-m/crtbegin.o
                0x000804fc                __init_array_end = .
                0x000804fc                . = ALIGN (0x4)
 *crtbegin.o(.ctors)
 *(EXCLUDE_FILE(*crtend.o) .ctors)
 *(SORT(.ctors.*))
 *crtend.o(.ctors)
                0x000804fc                . = ALIGN (0x4)
 *(.fini)
 .fini          0x000804fc        0x4 c:/program files (x86)/atmel/studio/7.0/toolchain/arm/arm-gnu-toolchain/bin/../lib/gcc/arm-none-eabi/6.3.1/thumb/v7-m/crti.o
                0x000804fc                _fini
 .fini          0x00080500        0x8 c:/program files (x86)/atmel/studio/7.0/toolchain/arm/arm-gnu-toolchain/bin/../lib/gcc/arm-none-eabi/6.3.1/thumb/v7-m/crtn.o
                0x00080508                . = ALIGN (0x4)
                0x00080508                __fini_array_start = .
 *(.fini_array)
 .fini_array    0x00080508        0x4 c:/program files (x86)/atmel/studio/7.0/toolchain/arm/arm-gnu-toolchain/bin/../lib/gcc/arm-none-eabi/6.3.1/thumb/v7-m/crtbegin.o
 *(SORT(.fini_array.*))
                0x0008050c                __fini_array_end = .
 *crtbegin.o(.dtors)
 *(EXCLUDE_FILE(*crtend.o) .dtors)
 *(SORT(.dtors.*))
 *crtend.o(.dtors)
                0x0008050c                . = ALIGN (0x4)
                0x0008050c                _efixed = .
                [!provide]                PROVIDE (__exidx_start, .)

.vfp11_veneer   0x0008050c        0x0
 .vfp11_veneer  0x0008050c        0x0 linker stubs

.v4_bx          0x0008050c        0x0
 .v4_bx         0x0008050c        0x0 linker stubs

.iplt           0x0008050c        0x0
 .iplt          0x0008050c        0x0 c:/program files (x86)/atmel/studio/7.0/toolchain/arm/arm-gnu-toolchain/bin/../lib/gcc/arm-none-eabi/6.3.1/thumb/v7-m/crtbegin.o

.eh_frame       0x0008050c        0x0
 .eh_frame      0x0008050c        0x0 c:/program files (x86)/atmel/studio/7.0/toolchain/arm/arm-gnu-toolchain/bin/../lib/gcc/arm-none-eabi/6.3.1/thumb/v7-m/crtbegin.o

.rel.dyn        0x0008050c        0x0
 .rel.iplt      0x0008050c        0x0 c:/program files (x86)/atmel/studio/7.0/toolchain/arm/arm-gnu-toolchain/bin/../lib/gcc/arm-none-eabi/6.3.1/thumb/v7-m/crtbegin.o

.jcr            0x0008050c        0x0
 .jcr           0x0008050c        0x0 c:/program files (x86)/atmel/studio/7.0/toolchain/arm/arm-gnu-toolchain/bin/../lib/gcc/arm-none-eabi/6.3.1/thumb/v7-m/crtbegin.o

.igot.plt       0x0008050c        0x0
 .igot.plt      0x0008050c        0x0 c:/program files (x86)/atmel/studio/7.0/toolchain/arm/arm-gnu-toolchain/bin/../lib/gcc/arm-none-eabi/6.3.1/thumb/v7-m/crtbegin.o

.ARM.exidx
 *(.ARM.exidx* .gnu.linkonce.armexidx.*)
                [!provide]                PROVIDE (__exidx_end, .)
                0x0008050c                . = ALIGN (0x4)
                0x0008050c                _etext = .

.relocate       0x20000000      0x434 load address 0x0008050c
                0x20000000                . = ALIGN (0x4)
                0x20000000                _srelocate = .
 *(.ramfunc .ramfunc.*)
 *(.data .data.*)
 .data          0x20000000        0x4 Device_Startup/system_sam3xa.o
                0x20000000                SystemCoreClock
 *fill*         0x20000004        0x4 
 .data.impure_data
                0x20000008      0x428 c:/program files (x86)/atmel/studio/7.0/toolchain/arm/arm-gnu-toolchain/bin/../lib/gcc/arm-none-eabi/6.3.1/../../../../arm-none-eabi/lib/thumb/v7-m\libc.a(lib_a-impure.o)
 .data.__atexit_recursive_mutex
                0x20000430        0x4 c:/program files (x86)/atmel/studio/7.0/toolchain/arm/arm-gnu-toolchain/bin/../lib/gcc/arm-none-eabi/6.3.1/../../../../arm-none-eabi/lib/thumb/v7-m\libc.a(lib_a-__call_atexit.o)
                0x20000430                __atexit_recursive_mutex
                0x20000434                . = ALIGN (0x4)
                0x20000434                _erelocate = .

.bss            0x20000434       0x44 load address 0x00080940
                0x20000434                . = ALIGN (0x4)
                0x20000434                _sbss = .
                0x20000434                _szero = .
 *(.bss .bss.*)
 .bss           0x20000434       0x1c c:/program files (x86)/atmel/studio/7.0/toolchain/arm/arm-gnu-toolchain/bin/../lib/gcc/arm-none-eabi/6.3.1/thumb/v7-m/crtbegin.o
 .bss           0x20000450        0x4 Src/main.o
 *(COMMON)
 COMMON         0x20000454       0x21 c:/program files (x86)/atmel/studio/7.0/toolchain/arm/arm-gnu-toolchain/bin/../lib/gcc/arm-none-eabi/6.3.1/../../../../arm-none-eabi/lib/thumb/v7-m\libc.a(lib_a-lock.o)
                0x20000454                __lock___atexit_recursive_mutex
                0x20000458                __lock___arc4random_mutex
                0x2000045c                __lock___env_recursive_mutex
                0x20000460                __lock___sinit_recursive_mutex
                0x20000464                __lock___malloc_recursive_mutex
                0x20000468                __lock___at_quick_exit_mutex
                0x2000046c                __lock___dd_hash_mutex
                0x20000470                __lock___tz_mutex
                0x20000474                __lock___sfp_recursive_mutex
                0x20000478                . = ALIGN (0x4)
 *fill*         0x20000475        0x3 
                0x20000478                _ebss = .
                0x20000478                _ezero = .

.stack          0x20000478      0x400 load address 0x00080984
                0x20000478                . = ALIGN (0x8)
                0x20000478                _sstack = .
                0x20000878                . = (. + STACK_SIZE)
 *fill*         0x20000478      0x400 
                0x20000878                . = ALIGN (0x8)
                0x20000878                _estack = .

.heap           0x20000878      0x200 load address 0x00080d84
                0x20000878                . = ALIGN (0x8)
                0x20000878                _sheap = .
                0x20000a78                . = (. + HEAP_SIZE)
 *fill*         0x20000878      0x200 
                0x20000a78                . = ALIGN (0x8)
                0x20000a78                _eheap = .
                0x20000a78                . = ALIGN (0x4)
                0x20000a78                _end = .
                0x2000ffff                _ram_end_ = ((ORIGIN (ram) + LENGTH (ram)) - 0x1)
OUTPUT(BlinkySAM3A.elf elf32-littlearm)

.ARM.attributes
                0x00000000       0x29
 .ARM.attributes
                0x00000000       0x1d c:/program files (x86)/atmel/studio/7.0/toolchain/arm/arm-gnu-toolchain/bin/../lib/gcc/arm-none-eabi/6.3.1/thumb/v7-m/crti.o
 .ARM.attributes
                0x0000001d       0x2d c:/program files (x86)/atmel/studio/7.0/toolchain/arm/arm-gnu-toolchain/bin/../lib/gcc/arm-none-eabi/6.3.1/thumb/v7-m/crtbegin.o
 .ARM.attributes
                0x0000004a       0x33 Device_Startup/startup_sam3xa.o
 .ARM.attributes
                0x0000007d       0x33 Device_Startup/system_sam3xa.o
 .ARM.attributes
                0x000000b0       0x33 Src/main.o
 .ARM.attributes
                0x000000e3       0x33 Src/pio_init.o
 .ARM.attributes
                0x00000116       0x2d c:/program files (x86)/atmel/studio/7.0/toolchain/arm/arm-gnu-toolchain/bin/../lib/gcc/arm-none-eabi/6.3.1/../../../../arm-none-eabi/lib/thumb/v7-m\libc.a(lib_a-impure.o)
 .ARM.attributes
                0x00000143       0x2d c:/program files (x86)/atmel/studio/7.0/toolchain/arm/arm-gnu-toolchain/bin/../lib/gcc/arm-none-eabi/6.3.1/../../../../arm-none-eabi/lib/thumb/v7-m\libc.a(lib_a-init.o)
 .ARM.attributes
                0x00000170       0x2d c:/program files (x86)/atmel/studio/7.0/toolchain/arm/arm-gnu-toolchain/bin/../lib/gcc/arm-none-eabi/6.3.1/../../../../arm-none-eabi/lib/thumb/v7-m\libc.a(lib_a-__call_atexit.o)
 .ARM.attributes
                0x0000019d       0x2d c:/program files (x86)/atmel/studio/7.0/toolchain/arm/arm-gnu-toolchain/bin/../lib/gcc/arm-none-eabi/6.3.1/../../../../arm-none-eabi/lib/thumb/v7-m\libc.a(lib_a-atexit.o)
 .ARM.attributes
                0x000001ca       0x2d c:/program files (x86)/atmel/studio/7.0/toolchain/arm/arm-gnu-toolchain/bin/../lib/gcc/arm-none-eabi/6.3.1/../../../../arm-none-eabi/lib/thumb/v7-m\libc.a(lib_a-fini.o)
 .ARM.attributes
                0x000001f7       0x2d c:/program files (x86)/atmel/studio/7.0/toolchain/arm/arm-gnu-toolchain/bin/../lib/gcc/arm-none-eabi/6.3.1/../../../../arm-none-eabi/lib/thumb/v7-m\libc.a(lib_a-lock.o)
 .ARM.attributes
                0x00000224       0x2d c:/program files (x86)/atmel/studio/7.0/toolchain/arm/arm-gnu-toolchain/bin/../lib/gcc/arm-none-eabi/6.3.1/../../../../arm-none-eabi/lib/thumb/v7-m\libc.a(lib_a-__atexit.o)
 .ARM.attributes
                0x00000251       0x1d c:/program files (x86)/atmel/studio/7.0/toolchain/arm/arm-gnu-toolchain/bin/../lib/gcc/arm-none-eabi/6.3.1/thumb/v7-m/crtn.o

.comment        0x00000000       0x59
 .comment       0x00000000       0x59 Device_Startup/startup_sam3xa.o
                                 0x5a (size before relaxing)
 .comment       0x00000059       0x5a Device_Startup/system_sam3xa.o
 .comment       0x00000059       0x5a Src/main.o
 .comment       0x00000059       0x5a Src/pio_init.o

.debug_info     0x00000000     0x1734
 .debug_info    0x00000000      0x74e Device_Startup/startup_sam3xa.o
 .debug_info    0x0000074e      0x444 Device_Startup/system_sam3xa.o
 .debug_info    0x00000b92      0x4c3 Src/main.o
 .debug_info    0x00001055      0x6df Src/pio_init.o

.debug_abbrev   0x00000000      0x41d
 .debug_abbrev  0x00000000      0x153 Device_Startup/startup_sam3xa.o
 .debug_abbrev  0x00000153      0x102 Device_Startup/system_sam3xa.o
 .debug_abbrev  0x00000255       0xef Src/main.o
 .debug_abbrev  0x00000344       0xd9 Src/pio_init.o

.debug_loc      0x00000000       0x98
 .debug_loc     0x00000000       0x78 Device_Startup/startup_sam3xa.o
 .debug_loc     0x00000078       0x20 Src/main.o

.debug_aranges  0x00000000       0x98
 .debug_aranges
                0x00000000       0x28 Device_Startup/startup_sam3xa.o
 .debug_aranges
                0x00000028       0x30 Device_Startup/system_sam3xa.o
 .debug_aranges
                0x00000058       0x20 Src/main.o
 .debug_aranges
                0x00000078       0x20 Src/pio_init.o

.debug_ranges   0x00000000       0x58
 .debug_ranges  0x00000000       0x18 Device_Startup/startup_sam3xa.o
 .debug_ranges  0x00000018       0x20 Device_Startup/system_sam3xa.o
 .debug_ranges  0x00000038       0x10 Src/main.o
 .debug_ranges  0x00000048       0x10 Src/pio_init.o

.debug_macro    0x00000000     0xe8ed
 .debug_macro   0x00000000      0x321 Device_Startup/startup_sam3xa.o
 .debug_macro   0x00000321      0x8b0 Device_Startup/startup_sam3xa.o
 .debug_macro   0x00000bd1       0x22 Device_Startup/startup_sam3xa.o
 .debug_macro   0x00000bf3       0x87 Device_Startup/startup_sam3xa.o
 .debug_macro   0x00000c7a       0x51 Device_Startup/startup_sam3xa.o
 .debug_macro   0x00000ccb       0xef Device_Startup/startup_sam3xa.o
 .debug_macro   0x00000dba       0x6a Device_Startup/startup_sam3xa.o
 .debug_macro   0x00000e24      0x1df Device_Startup/startup_sam3xa.o
 .debug_macro   0x00001003       0x20 Device_Startup/startup_sam3xa.o
 .debug_macro   0x00001023       0x1c Device_Startup/startup_sam3xa.o
 .debug_macro   0x0000103f       0x22 Device_Startup/startup_sam3xa.o
 .debug_macro   0x00001061       0xc3 Device_Startup/startup_sam3xa.o
 .debug_macro   0x00001124      0xe49 Device_Startup/startup_sam3xa.o
 .debug_macro   0x00001f6d      0x11f Device_Startup/startup_sam3xa.o
 .debug_macro   0x0000208c      0xa7d Device_Startup/startup_sam3xa.o
 .debug_macro   0x00002b09      0x55a Device_Startup/startup_sam3xa.o
 .debug_macro   0x00003063      0x1a8 Device_Startup/startup_sam3xa.o
 .debug_macro   0x0000320b      0x30b Device_Startup/startup_sam3xa.o
 .debug_macro   0x00003516      0x709 Device_Startup/startup_sam3xa.o
 .debug_macro   0x00003c1f       0xd6 Device_Startup/startup_sam3xa.o
 .debug_macro   0x00003cf5       0x1c Device_Startup/startup_sam3xa.o
 .debug_macro   0x00003d11      0x678 Device_Startup/startup_sam3xa.o
 .debug_macro   0x00004389      0x51e Device_Startup/startup_sam3xa.o
 .debug_macro   0x000048a7       0xbe Device_Startup/startup_sam3xa.o
 .debug_macro   0x00004965     0x2333 Device_Startup/startup_sam3xa.o
 .debug_macro   0x00006c98      0x7d1 Device_Startup/startup_sam3xa.o
 .debug_macro   0x00007469      0xdbb Device_Startup/startup_sam3xa.o
 .debug_macro   0x00008224       0x9a Device_Startup/startup_sam3xa.o
 .debug_macro   0x000082be      0x29c Device_Startup/startup_sam3xa.o
 .debug_macro   0x0000855a       0x58 Device_Startup/startup_sam3xa.o
 .debug_macro   0x000085b2      0x22d Device_Startup/startup_sam3xa.o
 .debug_macro   0x000087df      0x4b4 Device_Startup/startup_sam3xa.o
 .debug_macro   0x00008c93      0x64a Device_Startup/startup_sam3xa.o
 .debug_macro   0x000092dd      0x590 Device_Startup/startup_sam3xa.o
 .debug_macro   0x0000986d       0x46 Device_Startup/startup_sam3xa.o
 .debug_macro   0x000098b3      0x33f Device_Startup/startup_sam3xa.o
 .debug_macro   0x00009bf2      0x27e Device_Startup/startup_sam3xa.o
 .debug_macro   0x00009e70     0x14dc Device_Startup/startup_sam3xa.o
 .debug_macro   0x0000b34c      0x7cf Device_Startup/startup_sam3xa.o
 .debug_macro   0x0000bb1b       0x76 Device_Startup/startup_sam3xa.o
 .debug_macro   0x0000bb91       0x82 Device_Startup/startup_sam3xa.o
 .debug_macro   0x0000bc13       0x76 Device_Startup/startup_sam3xa.o
 .debug_macro   0x0000bc89       0x4c Device_Startup/startup_sam3xa.o
 .debug_macro   0x0000bcd5      0x100 Device_Startup/startup_sam3xa.o
 .debug_macro   0x0000bdd5      0x100 Device_Startup/startup_sam3xa.o
 .debug_macro   0x0000bed5       0x88 Device_Startup/startup_sam3xa.o
 .debug_macro   0x0000bf5d       0x88 Device_Startup/startup_sam3xa.o
 .debug_macro   0x0000bfe5      0x3b4 Device_Startup/startup_sam3xa.o
 .debug_macro   0x0000c399       0xbe Device_Startup/startup_sam3xa.o
 .debug_macro   0x0000c457       0xbe Device_Startup/startup_sam3xa.o
 .debug_macro   0x0000c515       0xbe Device_Startup/startup_sam3xa.o
 .debug_macro   0x0000c5d3      0x2b8 Device_Startup/startup_sam3xa.o
 .debug_macro   0x0000c88b      0x216 Device_Startup/startup_sam3xa.o
 .debug_macro   0x0000caa1      0x216 Device_Startup/startup_sam3xa.o
 .debug_macro   0x0000ccb7       0x2e Device_Startup/startup_sam3xa.o
 .debug_macro   0x0000cce5       0xac Device_Startup/startup_sam3xa.o
 .debug_macro   0x0000cd91      0x13e Device_Startup/startup_sam3xa.o
 .debug_macro   0x0000cecf       0x7c Device_Startup/startup_sam3xa.o
 .debug_macro   0x0000cf4b       0x64 Device_Startup/startup_sam3xa.o
 .debug_macro   0x0000cfaf       0xa6 Device_Startup/startup_sam3xa.o
 .debug_macro   0x0000d055       0x7c Device_Startup/startup_sam3xa.o
 .debug_macro   0x0000d0d1       0x16 Device_Startup/startup_sam3xa.o
 .debug_macro   0x0000d0e7       0x22 Device_Startup/startup_sam3xa.o
 .debug_macro   0x0000d109       0x22 Device_Startup/startup_sam3xa.o
 .debug_macro   0x0000d12b      0x10c Device_Startup/startup_sam3xa.o
 .debug_macro   0x0000d237      0x10c Device_Startup/startup_sam3xa.o
 .debug_macro   0x0000d343       0x1c Device_Startup/startup_sam3xa.o
 .debug_macro   0x0000d35f       0x2e Device_Startup/startup_sam3xa.o
 .debug_macro   0x0000d38d       0x22 Device_Startup/startup_sam3xa.o
 .debug_macro   0x0000d3af       0x1c Device_Startup/startup_sam3xa.o
 .debug_macro   0x0000d3cb       0x58 Device_Startup/startup_sam3xa.o
 .debug_macro   0x0000d423       0x10 Device_Startup/startup_sam3xa.o
 .debug_macro   0x0000d433      0x211 Device_Startup/startup_sam3xa.o
 .debug_macro   0x0000d644      0x77b Device_Startup/startup_sam3xa.o
 .debug_macro   0x0000ddbf      0x169 Device_Startup/startup_sam3xa.o
 .debug_macro   0x0000df28      0x333 Device_Startup/system_sam3xa.o
 .debug_macro   0x0000e25b      0x342 Src/main.o
 .debug_macro   0x0000e59d       0x1c Src/main.o
 .debug_macro   0x0000e5b9      0x334 Src/pio_init.o

.debug_line     0x00000000     0x16b0
 .debug_line    0x00000000      0x59c Device_Startup/startup_sam3xa.o
 .debug_line    0x0000059c      0x5f9 Device_Startup/system_sam3xa.o
 .debug_line    0x00000b95      0x592 Src/main.o
 .debug_line    0x00001127      0x589 Src/pio_init.o

.debug_str      0x00000000    0x46b3a
 .debug_str     0x00000000    0x4663f Device_Startup/startup_sam3xa.o
                              0x467fc (size before relaxing)
 .debug_str     0x0004663f      0x2c7 Device_Startup/system_sam3xa.o
                              0x465a6 (size before relaxing)
 .debug_str     0x00046906      0x216 Src/main.o
                              0x46556 (size before relaxing)
 .debug_str     0x00046b1c       0x1e Src/pio_init.o
                              0x4663b (size before relaxing)

.debug_frame    0x00000000      0x280
 .debug_frame   0x00000000       0x38 Device_Startup/startup_sam3xa.o
 .debug_frame   0x00000038       0x40 Device_Startup/system_sam3xa.o
 .debug_frame   0x00000078       0x28 Src/main.o
 .debug_frame   0x000000a0       0x20 Src/pio_init.o
 .debug_frame   0x000000c0       0x2c c:/program files (x86)/atmel/studio/7.0/toolchain/arm/arm-gnu-toolchain/bin/../lib/gcc/arm-none-eabi/6.3.1/../../../../arm-none-eabi/lib/thumb/v7-m\libc.a(lib_a-init.o)
 .debug_frame   0x000000ec       0x5c c:/program files (x86)/atmel/studio/7.0/toolchain/arm/arm-gnu-toolchain/bin/../lib/gcc/arm-none-eabi/6.3.1/../../../../arm-none-eabi/lib/thumb/v7-m\libc.a(lib_a-__call_atexit.o)
 .debug_frame   0x00000148       0x20 c:/program files (x86)/atmel/studio/7.0/toolchain/arm/arm-gnu-toolchain/bin/../lib/gcc/arm-none-eabi/6.3.1/../../../../arm-none-eabi/lib/thumb/v7-m\libc.a(lib_a-atexit.o)
 .debug_frame   0x00000168       0x34 c:/program files (x86)/atmel/studio/7.0/toolchain/arm/arm-gnu-toolchain/bin/../lib/gcc/arm-none-eabi/6.3.1/../../../../arm-none-eabi/lib/thumb/v7-m\libc.a(lib_a-fini.o)
 .debug_frame   0x0000019c       0xb0 c:/program files (x86)/atmel/studio/7.0/toolchain/arm/arm-gnu-toolchain/bin/../lib/gcc/arm-none-eabi/6.3.1/../../../../arm-none-eabi/lib/thumb/v7-m\libc.a(lib_a-lock.o)
 .debug_frame   0x0000024c       0x34 c:/program files (x86)/atmel/studio/7.0/toolchain/arm/arm-gnu-toolchain/bin/../lib/gcc/arm-none-eabi/6.3.1/../../../../arm-none-eabi/lib/thumb/v7-m\libc.a(lib_a-__atexit.o)
